// Jest Snapshot v1, https://goo.gl/fbAQLP

exports[`CardSkeleton should render correctly 1`] = `
<DocumentFragment>
  <div
    class="w-[500px] max-w-[90%] bg-white rounded shadow-2xl p-5"
  >
    <div
      class="h-6 rounded-sm bg-gray-200 animate-pulse mb-4"
    />
    <div
      class="grid gap-1"
    >
      <div
        class="w-[40%] h-4 rounded-sm bg-gray-200 animate-pulse"
      />
      <div
        class="w-[60%] h-4 rounded-sm bg-gray-200 animate-pulse"
      />
      <div
        class="w-[65%] h-4 rounded-sm bg-gray-200 animate-pulse"
      />
      <div
        class="w-[50%] h-4 rounded-sm bg-gray-200 animate-pulse"
      />
    </div>
  </div>
</DocumentFragment>
`;
